PDvjGRPCqNq/Cy5Xd0BPesT//fTf6mJNWOlzeE0NHeNE4Mv/diZ6RGn/UBik+kFXVeSw/ROjMhDN 34+jRu7NGL/Zcyq2hMLWpdoVHzMezCRjpUYmgNnsNAdmJM5bI/JdRmvLDLUIoZ8AdPneF+0ZZrC2 +jwAjfLBouAsjQjoC1q47ERvcl+ctzfv/QqqbV62dLz6HddY6NYcBV1Yzs1SHnHa/vRZpPNFHpOX 5CvG1F/Fa/9DGUJq/LWaIWdICjB6Lk8NxetcB2cqPnT5cjI+z3MLwJcKSBciXYb3nM35pCsgf8gM aMDq4X27s7WL72QhVxUR68kdtla4EhAT8lVn5NDuacGjwAJb4RUqKODCR1pRvAIzhcBQy/eREdIv F3WpUS8+UuAiX2lYb9PGmnOlgt7//A3mULsCENRBeWT2HHIftesyhZXnaS/1dWLFH3a+sPiCERuT jMVx6/JNUT2fWJotooc0X1vTojw/5zbuP8W3ryFMHnuo2/6/xL6kWFg1QtbYvw9YH5DLA/FqCUAY 4ZFKeg/LPfP3X525FH4Y4lgoVNmJgAGWeRfX4LkauzyMwEUVJ9TET8Dotfp3bjby9TvJOTawxV3d u4IlpyOdkGQZmTDAvM+TtLhI2WHY3f/+isfnPVSHmhmI4uh3DgZD+1ZcJS8EL0oEyoWnkJNzzojr lqQ4MCO3/ZBh9LUXMvVJBs3fMh3VI0Cn/jUGKJ+DAj6Xoh+xW5wWbxABxHMPUzMSf5FecFI7w50G +5wvyMrRuAcX6RtpbwRuHVvj2ucE4x/rX5uV6KgqZBtxn4rs1cD5Hn59UEKHmvE6QE6BoyXfMW6R bjn9uhLX3gqlBYqe7zOFDSPe49iePAAOI5ffsyfxMAD9O0YwSYivYPslLXFDTupHa2waNLStSZhc cyMBTsUcpNlwtQ5P2DUNdQonvuvfq+COp4+x9xkkHlKV5yTPGJdiwKL2Puqlvf0fSQmAwRl7eS3i
